T(0): Current State - prob = 00 hard = 00
i j = 0 0 | x y = 1 0 | Xh Yh = 1 0
T(5): Current State - prob = 00 hard = 00
i j = 0 1 | x y = 1 0 | Xh Yh = 1 0
T(15): Current State - prob = 00 hard = 00
i j = 1 0 | x y = 1 1 | Xh Yh = 1 1
T(25): Current State - prob = 01 hard = 01
i j = 0 1 | x y = 0 1 | Xh Yh = 0 1
T(35): Current State - prob = 10 hard = 10
i j = 1 0 | x y = 0 0 | Xh Yh = 0 0
T(45): Current State - prob = 01 hard = 01
i j = 1 1 | x y = 0 1 | Xh Yh = 0 1
T(55): Current State - prob = 10 hard = 10
i j = 1 1 | x y = 0 0 | Xh Yh = 0 0
T(65): Current State - prob = 01 hard = 01
i j = 0 0 | x y = 1 0 | Xh Yh = 1 0
T(75): Current State - prob = 11 hard = 00
i j = 1 0 | x y = 0 0 | Xh Yh = 1 1
T(85): Current State - prob = 11 hard = 01
i j = 1 1 | x y = 0 0 | Xh Yh = 0 1
T(95): Current State - prob = 11 hard = 10
i j = 0 1 | x y = 1 0 | Xh Yh = 1 0
T(105): Current State - prob = 10 hard = 10
i j = 0 1 | x y = 1 0 | Xh Yh = 1 0
T(115): Current State - prob = 10 hard = 10
i j = 0 0 | x y = 0 0 | Xh Yh = 0 0
T(125): Current State - prob = 11 hard = 00
i j = 0 0 | x y = 0 0 | Xh Yh = 1 0
T(135): Current State - prob = 00 hard = 00
i j = 1 1 | x y = 1 1 | Xh Yh = 1 1
T(145): Current State - prob = 01 hard = 01
i j = 1 0 | x y = 1 0 | Xh Yh = 1 0
T(155): Current State - prob = 11 hard = 11
i j = 1 0 | x y = 0 0 | Xh Yh = 0 0
..\Chapter_3\tests\FSMprob_test.sv:66: $finish called at 156 (1ms)
